Slice 0 (Binding "main :: IO ()" "main = putHello \"Fragnix!\"") [Usage Nothing (VarId "putHello") (OtherSlice 1),Usage Nothing (ConId "IO") (Primitive "System.IO")]