{"sliceID":0,"fragment":["main :: IO ()","main = putHello \"Fragnix!\""],"usages":[{"reference":{"otherSlice":1},"usedName":{"valueIdentifier":"putHello"},"qualification":null},{"reference":{"originalModule":"System.IO"},"usedName":{"typeIdentifier":"IO"},"qualification":null}]}